Note: all the lab questions were done on lnxsrv09

1. Compile and build simple program

$ emacs simple.c

#include <stdio.h>
#include <math.h>

int main(void)
{
    printf("%.17g", cos(0.5));
        return 0;
}

$ gcc -o simple simple.c

2. Use ldd to see which dynamic libraries your trivial program uses

$ ldd simple
      linux-vdso.so.1 =>  (0x00007ffdf03fa000)
      libc.so.6 => /lib64/libc.so.6 (0x00007fc8bd46a000)
      /lib64/ld-linux-x86-64.so.2 (0x00007fc8bd850000)
      
3. Use strace to see which system calls your trivial program makes

$ strace -o straceSimple ./simple
$ cat straceSimple
execve("./simple", ["./simple"], [/* 32 vars */]) = 0
brk(0)                                  = 0x1c03000
mmap(NULL, 4096, PROT_READ|PROT_WRITE, MAP_PRIVATE|MAP_ANONYMOUS, -1, 0) = 0x7f22465d8000
access("/etc/ld.so.preload", R_OK)      = -1 ENOENT (No such file or directory)
open("/etc/ld.so.cache", O_RDONLY|O_CLOEXEC) = 3
fstat(3, {st_mode=S_IFREG|0644, st_size=145837, ...}) = 0
mmap(NULL, 145837, PROT_READ, MAP_PRIVATE, 3, 0) = 0x7f22465b4000
close(3)                                = 0
open("/lib64/libc.so.6", O_RDONLY|O_CLOEXEC) = 3
read(3, "\177ELF\2\1\1\3\0\0\0\0\0\0\0\0\3\0>\0\1\0\0\0 \34\2\0\0\0\0\0"..., 832) = 832
fstat(3, {st_mode=S_IFREG|0755, st_size=2107816, ...}) = 0
mmap(NULL, 3932736, PROT_READ|PROT_EXEC, MAP_PRIVATE|MAP_DENYWRITE, 3, 0) = 0x7f2245ff7000
mprotect(0x7f22461ad000, 2097152, PROT_NONE) = 0
mmap(0x7f22463ad000, 24576, PROT_READ|PROT_WRITE, MAP_PRIVATE|MAP_FIXED|MAP_DENYWRITE, 3, 0x1b6000) = 0x7f22463ad000
mmap(0x7f22463b3000, 16960, PROT_READ|PROT_WRITE, MAP_PRIVATE|MAP_FIXED|MAP_ANONYMOUS, -1, 0) = 0x7f22463b3000
close(3)                                = 0
mmap(NULL, 4096, PROT_READ|PROT_WRITE, MAP_PRIVATE|MAP_ANONYMOUS, -1, 0) = 0x7f22465b3000
mmap(NULL, 8192, PROT_READ|PROT_WRITE, MAP_PRIVATE|MAP_ANONYMOUS, -1, 0) = 0x7f22465b1000
arch_prctl(ARCH_SET_FS, 0x7f22465b1740) = 0
mprotect(0x7f22463ad000, 16384, PROT_READ) = 0
mprotect(0x600000, 4096, PROT_READ)     = 0
mprotect(0x7f22465d9000, 4096, PROT_READ) = 0
munmap(0x7f22465b4000, 145837)          = 0
fstat(1, {st_mode=S_IFCHR|0620, st_rdev=makedev(136, 23), ...}) = 0
mmap(NULL, 4096, PROT_READ|PROT_WRITE, MAP_PRIVATE|MAP_ANONYMOUS, -1, 0) = 0x7f22465d7000
write(1, "0.87758256189037276", 19)     = 19
exit_group(0)                           = ?
+++ exited with 0 +++

Calls related to dynamic linking and their relationship
The program calls the dynamic linker:

access("/etc/ld.so.preload", R_OK)      = -1 ENOENT (No such file or directory)
open("/etc/ld.so.cache", O_RDONLY|O_CLOEXEC) = 3
...
close(3)                                = 0

The linker loads libc.so.6:

open("/lib64/libc.so.6", O_RDONLY|O_CLOEXEC) = 3
read(3, "\177ELF\2\1\1\3\0\0\0\0\0\0\0\0\3\0>\0\1\0\0\0 \34\2\0\0\0\0\0"..., 832) = 832
...
close(3)

The loaded 'stdio' library writes the result out:

write(1, "0.87758256189037276", 19)     = 19

4. Investigate commands

$ ls /usr/bin | awk 'NR%101==804638846%101' > investigate
abrt-dump-oops
batch
ci
db_log_verify
elfedit
gcc-nm
grep
h2ph
inputattach
kde4-menu
ktrash
lpstat.cups
mouse-test
numfmt
pdf2ps
pmlogextract
qt3to4
sadf
smbspool
t4ht
umask
x86_energy_perf_policy
xzless

5. ldd each command, if there are error messages, investigate why they're occurring

$ cd /usr/bin
Change directory

$ echo '$ ldd COMMAND' >> ~/Classes/CS35L/Assignment9/lab.txt
$ ldd COMMAND >> ~/Classes/CS35L/Assignment9/lab.txt
Repeat for every command

$ ldd abrt-dump-oops
	linux-vdso.so.1 =>  (0x00007ffdd17f7000)
	libabrt.so.0 => /lib64/libabrt.so.0 (0x00007efc2677c000)
	libgio-2.0.so.0 => /lib64/libgio-2.0.so.0 (0x00007efc26406000)
	libgobject-2.0.so.0 => /lib64/libgobject-2.0.so.0 (0x00007efc261b5000)
	libreport.so.0 => /lib64/libreport.so.0 (0x00007efc25f8f000)
	libglib-2.0.so.0 => /lib64/libglib-2.0.so.0 (0x00007efc25c58000)
	libsatyr.so.3 => /lib64/libsatyr.so.3 (0x00007efc2582f000)
	libc.so.6 => /lib64/libc.so.6 (0x00007efc2546e000)
	libffi.so.6 => /lib64/libffi.so.6 (0x00007efc25266000)
	libgmodule-2.0.so.0 => /lib64/libgmodule-2.0.so.0 (0x00007efc25061000)
	libdl.so.2 => /lib64/libdl.so.2 (0x00007efc24e5d000)
	libpthread.so.0 => /lib64/libpthread.so.0 (0x00007efc24c41000)
	libz.so.1 => /lib64/libz.so.1 (0x00007efc24a2a000)
	libselinux.so.1 => /lib64/libselinux.so.1 (0x00007efc24805000)
	libresolv.so.2 => /lib64/libresolv.so.2 (0x00007efc245eb000)
	libjson-c.so.2 => /lib64/libjson-c.so.2 (0x00007efc243df000)
	libsystemd.so.0 => /lib64/libsystemd.so.0 (0x00007efc243b7000)
	libaugeas.so.0 => /lib64/libaugeas.so.0 (0x00007efc2416a000)
	libstdc++.so.6 => /lib64/libstdc++.so.6 (0x00007efc23e60000)
	librpm.so.3 => /lib64/librpm.so.3 (0x00007efc23bf9000)
	libdw.so.1 => /lib64/libdw.so.1 (0x00007efc239b2000)
	libelf.so.1 => /lib64/libelf.so.1 (0x00007efc2379b000)
	/lib64/ld-linux-x86-64.so.2 (0x00007efc26bb4000)
	libpcre.so.1 => /lib64/libpcre.so.1 (0x00007efc2353a000)
	liblzma.so.5 => /lib64/liblzma.so.5 (0x00007efc23314000)
	libcap.so.2 => /lib64/libcap.so.2 (0x00007efc2310f000)
	libm.so.6 => /lib64/libm.so.6 (0x00007efc22e0d000)
	librt.so.1 => /lib64/librt.so.1 (0x00007efc22c05000)
	libgcrypt.so.11 => /lib64/libgcrypt.so.11 (0x00007efc22983000)
	libgpg-error.so.0 => /lib64/libgpg-error.so.0 (0x00007efc2277e000)
	libgcc_s.so.1 => /lib64/libgcc_s.so.1 (0x00007efc22568000)
	libfa.so.1 => /lib64/libfa.so.1 (0x00007efc22354000)
	libxml2.so.2 => /lib64/libxml2.so.2 (0x00007efc21feb000)
	librpmio.so.3 => /lib64/librpmio.so.3 (0x00007efc21dbe000)
	libnss3.so => /lib64/libnss3.so (0x00007efc21a97000)
	libbz2.so.1 => /lib64/libbz2.so.1 (0x00007efc21887000)
	libpopt.so.0 => /lib64/libpopt.so.0 (0x00007efc2167d000)
	libacl.so.1 => /lib64/libacl.so.1 (0x00007efc21473000)
	liblua-5.1.so => /lib64/liblua-5.1.so (0x00007efc21245000)
	libdb-5.3.so => /lib64/libdb-5.3.so (0x00007efc20e87000)
	libattr.so.1 => /lib64/libattr.so.1 (0x00007efc20c81000)
	libnssutil3.so => /lib64/libnssutil3.so (0x00007efc20a55000)
	libplc4.so => /lib64/libplc4.so (0x00007efc2084f000)
	libplds4.so => /lib64/libplds4.so (0x00007efc2064b000)
	libnspr4.so => /lib64/libnspr4.so (0x00007efc2040d000)

$ ldd batch
	not a dynamic executable

$ ldd ci
	not a dynamic executable

$ ldd db_log_verify
	linux-vdso.so.1 =>  (0x00007fff937f5000)
	libdb-5.3.so => /lib64/libdb-5.3.so (0x00007f9fdfc8c000)
	libpthread.so.0 => /lib64/libpthread.so.0 (0x00007f9fdfa70000)
	libc.so.6 => /lib64/libc.so.6 (0x00007f9fdf6ae000)
	/lib64/ld-linux-x86-64.so.2 (0x00007f9fe006f000)

$ ldd elfedit
	linux-vdso.so.1 =>  (0x00007fffd1fc7000)
	libz.so.1 => /lib64/libz.so.1 (0x00007fc25df7a000)
	libc.so.6 => /lib64/libc.so.6 (0x00007fc25dbb9000)
	/lib64/ld-linux-x86-64.so.2 (0x00007fc25e1b5000)

$ ldd gcc-nm
	linux-vdso.so.1 =>  (0x00007ffe177b2000)
	libm.so.6 => /lib64/libm.so.6 (0x00007fb2d2f96000)
	libc.so.6 => /lib64/libc.so.6 (0x00007fb2d2bd5000)
	/lib64/ld-linux-x86-64.so.2 (0x00007fb2d32bd000)

$ ldd grep
	linux-vdso.so.1 =>  (0x00007ffca67c0000)
	libpcre.so.1 => /lib64/libpcre.so.1 (0x00007fe142544000)
	libc.so.6 => /lib64/libc.so.6 (0x00007fe142183000)
	libpthread.so.0 => /lib64/libpthread.so.0 (0x00007fe141f66000)
	/lib64/ld-linux-x86-64.so.2 (0x00007fe1427ca000)

$ ldd h2ph
	not a dynamic executable

$ ldd inputattach
	linux-vdso.so.1 =>  (0x00007ffcb11c9000)
	libc.so.6 => /lib64/libc.so.6 (0x00007f8ea5ef8000)
	/lib64/ld-linux-x86-64.so.2 (0x00007f8ea62de000)

$ ldd kde4-menu
	linux-vdso.so.1 =>  (0x00007ffe5adde000)
	libkio.so.5 => /lib64/libkio.so.5 (0x00007fc4b29c5000)
	libQtNetwork.so.4 => /lib64/libQtNetwork.so.4 (0x00007fc4b267f000)
	libQtXml.so.4 => /lib64/libQtXml.so.4 (0x00007fc4b243a000)
	libkdeui.so.5 => /lib64/libkdeui.so.5 (0x00007fc4b1db3000)
	libQtGui.so.4 => /lib64/libQtGui.so.4 (0x00007fc4b10d9000)
	libQtSvg.so.4 => /lib64/libQtSvg.so.4 (0x00007fc4b0e80000)
	libkdecore.so.5 => /lib64/libkdecore.so.5 (0x00007fc4b099c000)
	libQtDBus.so.4 => /lib64/libQtDBus.so.4 (0x00007fc4b071e000)
	libQtCore.so.4 => /lib64/libQtCore.so.4 (0x00007fc4b0231000)
	libpthread.so.0 => /lib64/libpthread.so.0 (0x00007fc4b0015000)
	libstdc++.so.6 => /lib64/libstdc++.so.6 (0x00007fc4afd0c000)
	libm.so.6 => /lib64/libm.so.6 (0x00007fc4afa09000)
	libgcc_s.so.1 => /lib64/libgcc_s.so.1 (0x00007fc4af7f3000)
	libc.so.6 => /lib64/libc.so.6 (0x00007fc4af432000)
	libnepomuk.so.4 => /lib64/libnepomuk.so.4 (0x00007fc4af15e000)
	libnepomukquery.so.4 => /lib64/libnepomukquery.so.4 (0x00007fc4aef14000)
	libnepomukutils.so.4 => /lib64/libnepomukutils.so.4 (0x00007fc4aecd7000)
	libz.so.1 => /lib64/libz.so.1 (0x00007fc4aeac0000)
	libSM.so.6 => /lib64/libSM.so.6 (0x00007fc4ae8b8000)
	libICE.so.6 => /lib64/libICE.so.6 (0x00007fc4ae69c000)
	libX11.so.6 => /lib64/libX11.so.6 (0x00007fc4ae35d000)
	libXext.so.6 => /lib64/libXext.so.6 (0x00007fc4ae14b000)
	libXft.so.2 => /lib64/libXft.so.2 (0x00007fc4adf35000)
	libXau.so.6 => /lib64/libXau.so.6 (0x00007fc4add30000)
	libXpm.so.4 => /lib64/libXpm.so.4 (0x00007fc4adb1e000)
	libstreamanalyzer.so.0 => /lib64/libstreamanalyzer.so.0 (0x00007fc4ad89b000)
	libstreams.so.0 => /lib64/libstreams.so.0 (0x00007fc4ad661000)
	libsolid.so.4 => /lib64/libsolid.so.4 (0x00007fc4ad35b000)
	libacl.so.1 => /lib64/libacl.so.1 (0x00007fc4ad152000)
	libattr.so.1 => /lib64/libattr.so.1 (0x00007fc4acf4c000)
	libXrender.so.1 => /lib64/libXrender.so.1 (0x00007fc4acd42000)
	libsoprano.so.4 => /lib64/libsoprano.so.4 (0x00007fc4aca55000)
	libssl.so.10 => /lib64/libssl.so.10 (0x00007fc4ac7e7000)
	libcrypto.so.10 => /lib64/libcrypto.so.10 (0x00007fc4ac3ff000)
	libqca.so.2 => /lib64/libqca.so.2 (0x00007fc4ac0e6000)
	libattica.so.0.4 => /lib64/libattica.so.0.4 (0x00007fc4abdec000)
	libdbusmenu-qt.so.2 => /lib64/libdbusmenu-qt.so.2 (0x00007fc4abbbb000)
	libXtst.so.6 => /lib64/libXtst.so.6 (0x00007fc4ab9b4000)
	libXcursor.so.1 => /lib64/libXcursor.so.1 (0x00007fc4ab7a9000)
	libXfixes.so.3 => /lib64/libXfixes.so.3 (0x00007fc4ab5a3000)
	libgthread-2.0.so.0 => /lib64/libgthread-2.0.so.0 (0x00007fc4ab3a0000)
	libglib-2.0.so.0 => /lib64/libglib-2.0.so.0 (0x00007fc4ab069000)
	libpng15.so.15 => /lib64/libpng15.so.15 (0x00007fc4aae3e000)
	libfreetype.so.6 => /lib64/libfreetype.so.6 (0x00007fc4aab97000)
	libgobject-2.0.so.0 => /lib64/libgobject-2.0.so.0 (0x00007fc4aa947000)
	libXi.so.6 => /lib64/libXi.so.6 (0x00007fc4aa737000)
	libXrandr.so.2 => /lib64/libXrandr.so.2 (0x00007fc4aa52c000)
	libXinerama.so.1 => /lib64/libXinerama.so.1 (0x00007fc4aa329000)
	libfontconfig.so.1 => /lib64/libfontconfig.so.1 (0x00007fc4aa0ed000)
	libbz2.so.1 => /lib64/libbz2.so.1 (0x00007fc4a9edc000)
	liblzma.so.5 => /lib64/liblzma.so.5 (0x00007fc4a9cb7000)
	libresolv.so.2 => /lib64/libresolv.so.2 (0x00007fc4a9a9d000)
	libfam.so.0 => /lib64/libfam.so.0 (0x00007fc4a9894000)
	libdbus-1.so.3 => /lib64/libdbus-1.so.3 (0x00007fc4a964c000)
	libdl.so.2 => /lib64/libdl.so.2 (0x00007fc4a9448000)
	librt.so.1 => /lib64/librt.so.1 (0x00007fc4a923f000)
	/lib64/ld-linux-x86-64.so.2 (0x00007fc4b2eb5000)
	libsopranoclient.so.1 => /lib64/libsopranoclient.so.1 (0x00007fc4a8ff3000)
	libuuid.so.1 => /lib64/libuuid.so.1 (0x00007fc4a8ded000)
	libxcb.so.1 => /lib64/libxcb.so.1 (0x00007fc4a8bcb000)
	libxml2.so.2 => /lib64/libxml2.so.2 (0x00007fc4a8862000)
	libudev.so.1 => /lib64/libudev.so.1 (0x00007fc4a884c000)
	libgssapi_krb5.so.2 => /lib64/libgssapi_krb5.so.2 (0x00007fc4a8600000)
	libkrb5.so.3 => /lib64/libkrb5.so.3 (0x00007fc4a831a000)
	libcom_err.so.2 => /lib64/libcom_err.so.2 (0x00007fc4a8116000)
	libk5crypto.so.3 => /lib64/libk5crypto.so.3 (0x00007fc4a7ee4000)
	libffi.so.6 => /lib64/libffi.so.6 (0x00007fc4a7cdb000)
	libexpat.so.1 => /lib64/libexpat.so.1 (0x00007fc4a7ab1000)
	libcap.so.2 => /lib64/libcap.so.2 (0x00007fc4a78ab000)
	libdw.so.1 => /lib64/libdw.so.1 (0x00007fc4a7664000)
	libkrb5support.so.0 => /lib64/libkrb5support.so.0 (0x00007fc4a7454000)
	libkeyutils.so.1 => /lib64/libkeyutils.so.1 (0x00007fc4a7250000)
	libelf.so.1 => /lib64/libelf.so.1 (0x00007fc4a7039000)
	libselinux.so.1 => /lib64/libselinux.so.1 (0x00007fc4a6e14000)
	libpcre.so.1 => /lib64/libpcre.so.1 (0x00007fc4a6bb3000)

$ ldd ktrash
	linux-vdso.so.1 =>  (0x00007ffeec5e6000)
	libkio.so.5 => /lib64/libkio.so.5 (0x00007f6d78727000)
	libQtNetwork.so.4 => /lib64/libQtNetwork.so.4 (0x00007f6d783e1000)
	libQtXml.so.4 => /lib64/libQtXml.so.4 (0x00007f6d7819c000)
	libkdeui.so.5 => /lib64/libkdeui.so.5 (0x00007f6d77b15000)
	libQtGui.so.4 => /lib64/libQtGui.so.4 (0x00007f6d76e3b000)
	libQtSvg.so.4 => /lib64/libQtSvg.so.4 (0x00007f6d76be2000)
	libkdecore.so.5 => /lib64/libkdecore.so.5 (0x00007f6d766fe000)
	libQtDBus.so.4 => /lib64/libQtDBus.so.4 (0x00007f6d76480000)
	libQtCore.so.4 => /lib64/libQtCore.so.4 (0x00007f6d75f93000)
	libpthread.so.0 => /lib64/libpthread.so.0 (0x00007f6d75d77000)
	libstdc++.so.6 => /lib64/libstdc++.so.6 (0x00007f6d75a6e000)
	libm.so.6 => /lib64/libm.so.6 (0x00007f6d7576b000)
	libgcc_s.so.1 => /lib64/libgcc_s.so.1 (0x00007f6d75555000)
	libc.so.6 => /lib64/libc.so.6 (0x00007f6d75194000)
	libnepomuk.so.4 => /lib64/libnepomuk.so.4 (0x00007f6d74ec0000)
	libnepomukquery.so.4 => /lib64/libnepomukquery.so.4 (0x00007f6d74c76000)
	libnepomukutils.so.4 => /lib64/libnepomukutils.so.4 (0x00007f6d74a39000)
	libz.so.1 => /lib64/libz.so.1 (0x00007f6d74822000)
	libSM.so.6 => /lib64/libSM.so.6 (0x00007f6d7461a000)
	libICE.so.6 => /lib64/libICE.so.6 (0x00007f6d743fe000)
	libX11.so.6 => /lib64/libX11.so.6 (0x00007f6d740bf000)
	libXext.so.6 => /lib64/libXext.so.6 (0x00007f6d73ead000)
	libXft.so.2 => /lib64/libXft.so.2 (0x00007f6d73c97000)
	libXau.so.6 => /lib64/libXau.so.6 (0x00007f6d73a92000)
	libXpm.so.4 => /lib64/libXpm.so.4 (0x00007f6d73880000)
	libstreamanalyzer.so.0 => /lib64/libstreamanalyzer.so.0 (0x00007f6d735fd000)
	libstreams.so.0 => /lib64/libstreams.so.0 (0x00007f6d733c3000)
	libsolid.so.4 => /lib64/libsolid.so.4 (0x00007f6d730bd000)
	libacl.so.1 => /lib64/libacl.so.1 (0x00007f6d72eb4000)
	libattr.so.1 => /lib64/libattr.so.1 (0x00007f6d72cae000)
	libXrender.so.1 => /lib64/libXrender.so.1 (0x00007f6d72aa4000)
	libsoprano.so.4 => /lib64/libsoprano.so.4 (0x00007f6d727b7000)
	libssl.so.10 => /lib64/libssl.so.10 (0x00007f6d72549000)
	libcrypto.so.10 => /lib64/libcrypto.so.10 (0x00007f6d72161000)
	libqca.so.2 => /lib64/libqca.so.2 (0x00007f6d71e48000)
	libattica.so.0.4 => /lib64/libattica.so.0.4 (0x00007f6d71b4e000)
	libdbusmenu-qt.so.2 => /lib64/libdbusmenu-qt.so.2 (0x00007f6d7191d000)
	libXtst.so.6 => /lib64/libXtst.so.6 (0x00007f6d71716000)
	libXcursor.so.1 => /lib64/libXcursor.so.1 (0x00007f6d7150b000)
	libXfixes.so.3 => /lib64/libXfixes.so.3 (0x00007f6d71305000)
	libgthread-2.0.so.0 => /lib64/libgthread-2.0.so.0 (0x00007f6d71102000)
	libglib-2.0.so.0 => /lib64/libglib-2.0.so.0 (0x00007f6d70dcb000)
	libpng15.so.15 => /lib64/libpng15.so.15 (0x00007f6d70ba0000)
	libfreetype.so.6 => /lib64/libfreetype.so.6 (0x00007f6d708f9000)
	libgobject-2.0.so.0 => /lib64/libgobject-2.0.so.0 (0x00007f6d706a9000)
	libXi.so.6 => /lib64/libXi.so.6 (0x00007f6d70499000)
	libXrandr.so.2 => /lib64/libXrandr.so.2 (0x00007f6d7028e000)
	libXinerama.so.1 => /lib64/libXinerama.so.1 (0x00007f6d7008b000)
	libfontconfig.so.1 => /lib64/libfontconfig.so.1 (0x00007f6d6fe4f000)
	libbz2.so.1 => /lib64/libbz2.so.1 (0x00007f6d6fc3e000)
	liblzma.so.5 => /lib64/liblzma.so.5 (0x00007f6d6fa19000)
	libresolv.so.2 => /lib64/libresolv.so.2 (0x00007f6d6f7ff000)
	libfam.so.0 => /lib64/libfam.so.0 (0x00007f6d6f5f6000)
	libdbus-1.so.3 => /lib64/libdbus-1.so.3 (0x00007f6d6f3ae000)
	libdl.so.2 => /lib64/libdl.so.2 (0x00007f6d6f1aa000)
	librt.so.1 => /lib64/librt.so.1 (0x00007f6d6efa1000)
	/lib64/ld-linux-x86-64.so.2 (0x00007f6d78c17000)
	libsopranoclient.so.1 => /lib64/libsopranoclient.so.1 (0x00007f6d6ed55000)
	libuuid.so.1 => /lib64/libuuid.so.1 (0x00007f6d6eb4f000)
	libxcb.so.1 => /lib64/libxcb.so.1 (0x00007f6d6e92d000)
	libxml2.so.2 => /lib64/libxml2.so.2 (0x00007f6d6e5c4000)
	libudev.so.1 => /lib64/libudev.so.1 (0x00007f6d6e5ae000)
	libgssapi_krb5.so.2 => /lib64/libgssapi_krb5.so.2 (0x00007f6d6e362000)
	libkrb5.so.3 => /lib64/libkrb5.so.3 (0x00007f6d6e07c000)
	libcom_err.so.2 => /lib64/libcom_err.so.2 (0x00007f6d6de78000)
	libk5crypto.so.3 => /lib64/libk5crypto.so.3 (0x00007f6d6dc46000)
	libffi.so.6 => /lib64/libffi.so.6 (0x00007f6d6da3d000)
	libexpat.so.1 => /lib64/libexpat.so.1 (0x00007f6d6d813000)
	libcap.so.2 => /lib64/libcap.so.2 (0x00007f6d6d60d000)
	libdw.so.1 => /lib64/libdw.so.1 (0x00007f6d6d3c6000)
	libkrb5support.so.0 => /lib64/libkrb5support.so.0 (0x00007f6d6d1b6000)
	libkeyutils.so.1 => /lib64/libkeyutils.so.1 (0x00007f6d6cfb2000)
	libelf.so.1 => /lib64/libelf.so.1 (0x00007f6d6cd9b000)
	libselinux.so.1 => /lib64/libselinux.so.1 (0x00007f6d6cb76000)
	libpcre.so.1 => /lib64/libpcre.so.1 (0x00007f6d6c915000)

$ ldd lpstat.cups
	linux-vdso.so.1 =>  (0x00007ffe395d0000)
	libcups.so.2 => /lib64/libcups.so.2 (0x00007f3cfde4c000)
	libgssapi_krb5.so.2 => /lib64/libgssapi_krb5.so.2 (0x00007f3cfdc00000)
	libkrb5.so.3 => /lib64/libkrb5.so.3 (0x00007f3cfd91a000)
	libk5crypto.so.3 => /lib64/libk5crypto.so.3 (0x00007f3cfd6e8000)
	libcom_err.so.2 => /lib64/libcom_err.so.2 (0x00007f3cfd4e4000)
	libssl.so.10 => /lib64/libssl.so.10 (0x00007f3cfd276000)
	libcrypto.so.10 => /lib64/libcrypto.so.10 (0x00007f3cfce8e000)
	libavahi-common.so.3 => /lib64/libavahi-common.so.3 (0x00007f3cfcc81000)
	libavahi-client.so.3 => /lib64/libavahi-client.so.3 (0x00007f3cfca6f000)
	libz.so.1 => /lib64/libz.so.1 (0x00007f3cfc859000)
	libpthread.so.0 => /lib64/libpthread.so.0 (0x00007f3cfc63d000)
	libm.so.6 => /lib64/libm.so.6 (0x00007f3cfc33a000)
	libcrypt.so.1 => /lib64/libcrypt.so.1 (0x00007f3cfc103000)
	libaudit.so.1 => /lib64/libaudit.so.1 (0x00007f3cfbedc000)
	libselinux.so.1 => /lib64/libselinux.so.1 (0x00007f3cfbcb6000)
	libc.so.6 => /lib64/libc.so.6 (0x00007f3cfb8f5000)
	libkrb5support.so.0 => /lib64/libkrb5support.so.0 (0x00007f3cfb6e6000)
	libdl.so.2 => /lib64/libdl.so.2 (0x00007f3cfb4e1000)
	libkeyutils.so.1 => /lib64/libkeyutils.so.1 (0x00007f3cfb2dd000)
	libresolv.so.2 => /lib64/libresolv.so.2 (0x00007f3cfb0c3000)
	/lib64/ld-linux-x86-64.so.2 (0x00007f3cfe2e2000)
	libdbus-1.so.3 => /lib64/libdbus-1.so.3 (0x00007f3cfae7a000)
	libfreebl3.so => /lib64/libfreebl3.so (0x00007f3cfac77000)
	libpcre.so.1 => /lib64/libpcre.so.1 (0x00007f3cfaa15000)
	liblzma.so.5 => /lib64/liblzma.so.5 (0x00007f3cfa7f0000)
	librt.so.1 => /lib64/librt.so.1 (0x00007f3cfa5e8000)

$ ldd mouse-test
	linux-vdso.so.1 =>  (0x00007ffd743e3000)
	libgpm.so.2 => /lib64/libgpm.so.2 (0x00007fcaaca65000)
	libm.so.6 => /lib64/libm.so.6 (0x00007fcaac763000)
	libc.so.6 => /lib64/libc.so.6 (0x00007fcaac3a1000)
	/lib64/ld-linux-x86-64.so.2 (0x00007fcaacc91000)

$ ldd numfmt
	linux-vdso.so.1 =>  (0x00007ffc0acc0000)
	libc.so.6 => /lib64/libc.so.6 (0x00007fb43ae4c000)
	/lib64/ld-linux-x86-64.so.2 (0x00007fb43b232000)

$ ldd pdf2ps
	not a dynamic executable

$ ldd pmlogextract
	linux-vdso.so.1 =>  (0x00007ffeddcd1000)
	libpcp.so.3 => /lib64/libpcp.so.3 (0x00007fe718112000)
	libm.so.6 => /lib64/libm.so.6 (0x00007fe717e10000)
	libpthread.so.0 => /lib64/libpthread.so.0 (0x00007fe717bf3000)
	libc.so.6 => /lib64/libc.so.6 (0x00007fe717832000)
	libssl3.so => /lib64/libssl3.so (0x00007fe7175f0000)
	libnss3.so => /lib64/libnss3.so (0x00007fe7172c9000)
	libnspr4.so => /lib64/libnspr4.so (0x00007fe71708b000)
	libsasl2.so.3 => /lib64/libsasl2.so.3 (0x00007fe716e6e000)
	libavahi-common.so.3 => /lib64/libavahi-common.so.3 (0x00007fe716c60000)
	libavahi-client.so.3 => /lib64/libavahi-client.so.3 (0x00007fe716a4f000)
	libdl.so.2 => /lib64/libdl.so.2 (0x00007fe71684b000)
	/lib64/ld-linux-x86-64.so.2 (0x00007fe7183af000)
	libnssutil3.so => /lib64/libnssutil3.so (0x00007fe71661e000)
	libplc4.so => /lib64/libplc4.so (0x00007fe716419000)
	libplds4.so => /lib64/libplds4.so (0x00007fe716215000)
	libz.so.1 => /lib64/libz.so.1 (0x00007fe715ffe000)
	librt.so.1 => /lib64/librt.so.1 (0x00007fe715df6000)
	libresolv.so.2 => /lib64/libresolv.so.2 (0x00007fe715bdc000)
	libcrypt.so.1 => /lib64/libcrypt.so.1 (0x00007fe7159a4000)
	libdbus-1.so.3 => /lib64/libdbus-1.so.3 (0x00007fe71575c000)
	libfreebl3.so => /lib64/libfreebl3.so (0x00007fe715558000)

$ ldd qt3to4
	linux-vdso.so.1 =>  (0x00007ffe01121000)
	libQtXml.so.4 => /lib64/libQtXml.so.4 (0x00007f1a6d5f0000)
	libQtCore.so.4 => /lib64/libQtCore.so.4 (0x00007f1a6d104000)
	libpthread.so.0 => /lib64/libpthread.so.0 (0x00007f1a6cee7000)
	libstdc++.so.6 => /lib64/libstdc++.so.6 (0x00007f1a6cbde000)
	libm.so.6 => /lib64/libm.so.6 (0x00007f1a6c8dc000)
	libgcc_s.so.1 => /lib64/libgcc_s.so.1 (0x00007f1a6c6c5000)
	libc.so.6 => /lib64/libc.so.6 (0x00007f1a6c304000)
	libz.so.1 => /lib64/libz.so.1 (0x00007f1a6c0ee000)
	libdl.so.2 => /lib64/libdl.so.2 (0x00007f1a6bee9000)
	libgthread-2.0.so.0 => /lib64/libgthread-2.0.so.0 (0x00007f1a6bce7000)
	libglib-2.0.so.0 => /lib64/libglib-2.0.so.0 (0x00007f1a6b9b0000)
	librt.so.1 => /lib64/librt.so.1 (0x00007f1a6b7a7000)
	/lib64/ld-linux-x86-64.so.2 (0x00007f1a6d859000)

$ ldd sadf
	linux-vdso.so.1 =>  (0x00007ffe94eb5000)
	libc.so.6 => /lib64/libc.so.6 (0x00007f67c1990000)
	/lib64/ld-linux-x86-64.so.2 (0x00007f67c1d76000)

$ ldd smbspool
	linux-vdso.so.1 =>  (0x00007ffcc7bb0000)
	libpthread.so.0 => /lib64/libpthread.so.0 (0x00007f588dad5000)
	libsamba-util.so.0 => /lib64/libsamba-util.so.0 (0x00007f588d8a0000)
	liblibsmb-samba4.so => /usr/lib64/samba/liblibsmb-samba4.so (0x00007f588d63b000)
	liberrors-samba4.so => /usr/lib64/samba/liberrors-samba4.so (0x00007f588d327000)
	libsmbconf.so.0 => /lib64/libsmbconf.so.0 (0x00007f588d0b5000)
	libsamba-debug-samba4.so => /usr/lib64/samba/libsamba-debug-samba4.so (0x00007f588ceaf000)
	libtalloc.so.2 => /lib64/libtalloc.so.2 (0x00007f588cca0000)
	libc.so.6 => /lib64/libc.so.6 (0x00007f588c8de000)
	/lib64/ld-linux-x86-64.so.2 (0x00007f588df1a000)
	libsocket-blocking-samba4.so => /usr/lib64/samba/libsocket-blocking-samba4.so (0x00007f588c6dc000)
	libreplace-samba4.so => /usr/lib64/samba/libreplace-samba4.so (0x00007f588c4d9000)
	librt.so.1 => /lib64/librt.so.1 (0x00007f588c2d0000)
	libsystemd-daemon.so.0 => /lib64/libsystemd-daemon.so.0 (0x00007f588c2c9000)
	libtevent.so.0 => /lib64/libtevent.so.0 (0x00007f588c0bb000)
	libwbclient.so.0 => /lib64/libwbclient.so.0 (0x00007f588beab000)
	libsamba-credentials.so.0 => /lib64/libsamba-credentials.so.0 (0x00007f588bc99000)
	libndr-samba-samba4.so => /usr/lib64/samba/libndr-samba-samba4.so (0x00007f588b9ac000)
	libcli-cldap-samba4.so => /usr/lib64/samba/libcli-cldap-samba4.so (0x00007f588b7a3000)
	libcliauth-samba4.so => /usr/lib64/samba/libcliauth-samba4.so (0x00007f588b590000)
	libndr.so.0 => /lib64/libndr.so.0 (0x00007f588b37a000)
	libcli-smb-common-samba4.so => /usr/lib64/samba/libcli-smb-common-samba4.so (0x00007f588b14e000)
	libkrb5samba-samba4.so => /usr/lib64/samba/libkrb5samba-samba4.so (0x00007f588af43000)
	libgse-samba4.so => /usr/lib64/samba/libgse-samba4.so (0x00007f588ad1b000)
	libsamba-security-samba4.so => /usr/lib64/samba/libsamba-security-samba4.so (0x00007f588aafc000)
	libutil-cmdline-samba4.so => /usr/lib64/samba/libutil-cmdline-samba4.so (0x00007f588a8f8000)
	libgensec.so.0 => /lib64/libgensec.so.0 (0x00007f588a6d0000)
	libasn1util-samba4.so => /usr/lib64/samba/libasn1util-samba4.so (0x00007f588a4c9000)
	libsamba-hostconfig.so.0 => /lib64/libsamba-hostconfig.so.0 (0x00007f588a29f000)
	libndr-nbt.so.0 => /lib64/libndr-nbt.so.0 (0x00007f588a089000)
	libtevent-util.so.0 => /lib64/libtevent-util.so.0 (0x00007f5889e85000)
	libsmb-transport-samba4.so => /usr/lib64/samba/libsmb-transport-samba4.so (0x00007f5889c80000)
	libsamba3-util-samba4.so => /usr/lib64/samba/libsamba3-util-samba4.so (0x00007f5889a76000)
	libsmbregistry-samba4.so => /usr/lib64/samba/libsmbregistry-samba4.so (0x00007f5889856000)
	libCHARSET3-samba4.so => /usr/lib64/samba/libCHARSET3-samba4.so (0x00007f5889652000)
	libcom_err.so.2 => /lib64/libcom_err.so.2 (0x00007f588944e000)
	libinterfaces-samba4.so => /usr/lib64/samba/libinterfaces-samba4.so (0x00007f588924a000)
	libccan-samba4.so => /usr/lib64/samba/libccan-samba4.so (0x00007f5889045000)
	libdbwrap-samba4.so => /usr/lib64/samba/libdbwrap-samba4.so (0x00007f5888e36000)
	libutil-tdb-samba4.so => /usr/lib64/samba/libutil-tdb-samba4.so (0x00007f5888c32000)
	libsamba-cluster-support-samba4.so => /usr/lib64/samba/libsamba-cluster-support-samba4.so (0x00007f5888a1c000)
	libutil-reg-samba4.so => /usr/lib64/samba/libutil-reg-samba4.so (0x00007f5888818000)
	libsamba-sockets-samba4.so => /usr/lib64/samba/libsamba-sockets-samba4.so (0x00007f5888600000)
	libsmbd-shim-samba4.so => /usr/lib64/samba/libsmbd-shim-samba4.so (0x00007f58883fd000)
	libutil-setid-samba4.so => /usr/lib64/samba/libutil-setid-samba4.so (0x00007f58881fa000)
	libtdb-wrap-samba4.so => /usr/lib64/samba/libtdb-wrap-samba4.so (0x00007f5887ff7000)
	libserver-role-samba4.so => /usr/lib64/samba/libserver-role-samba4.so (0x00007f5887df4000)
	libndr-standard.so.0 => /lib64/libndr-standard.so.0 (0x00007f58878db000)
	libnsl.so.1 => /lib64/libnsl.so.1 (0x00007f58876c2000)
	libcap.so.2 => /lib64/libcap.so.2 (0x00007f58874bd000)
	liblber-2.4.so.2 => /lib64/liblber-2.4.so.2 (0x00007f58872ad000)
	libtdb.so.1 => /lib64/libtdb.so.1 (0x00007f5887097000)
	libldap-2.4.so.2 => /lib64/libldap-2.4.so.2 (0x00007f5886e44000)
	libcrypt.so.1 => /lib64/libcrypt.so.1 (0x00007f5886c0c000)
	libdl.so.2 => /lib64/libdl.so.2 (0x00007f5886a08000)
	libm.so.6 => /lib64/libm.so.6 (0x00007f5886705000)
	libdw.so.1 => /lib64/libdw.so.1 (0x00007f58864be000)
	libgcc_s.so.1 => /lib64/libgcc_s.so.1 (0x00007f58862a8000)
	libwinbind-client-samba4.so => /usr/lib64/samba/libwinbind-client-samba4.so (0x00007f58860a3000)
	libsamdb-common-samba4.so => /usr/lib64/samba/libsamdb-common-samba4.so (0x00007f5885e84000)
	libldbsamba-samba4.so => /usr/lib64/samba/libldbsamba-samba4.so (0x00007f5885c59000)
	libauthkrb5-samba4.so => /usr/lib64/samba/libauthkrb5-samba4.so (0x00007f5885a4c000)
	libkrb5.so.3 => /lib64/libkrb5.so.3 (0x00007f5885767000)
	libldb.so.1 => /lib64/libldb.so.1 (0x00007f5885539000)
	libgssapi_krb5.so.2 => /lib64/libgssapi_krb5.so.2 (0x00007f58852ec000)
	libz.so.1 => /lib64/libz.so.1 (0x00007f58850d6000)
	libcli-ldap-common-samba4.so => /usr/lib64/samba/libcli-ldap-common-samba4.so (0x00007f5884ecd000)
	libk5crypto.so.3 => /lib64/libk5crypto.so.3 (0x00007f5884c9b000)
	libaddns-samba4.so => /usr/lib64/samba/libaddns-samba4.so (0x00007f5884a8d000)
	libsecrets3-samba4.so => /usr/lib64/samba/libsecrets3-samba4.so (0x00007f5884882000)
	libcli-nbt-samba4.so => /usr/lib64/samba/libcli-nbt-samba4.so (0x00007f5884677000)
	libsamba-modules-samba4.so => /usr/lib64/samba/libsamba-modules-samba4.so (0x00007f5884473000)
	libsamdb.so.0 => /lib64/libsamdb.so.0 (0x00007f588425c000)
	libsasl2.so.3 => /lib64/libsasl2.so.3 (0x00007f588403e000)
	libutil-ntdb-samba4.so => /usr/lib64/samba/libutil-ntdb-samba4.so (0x00007f5883e39000)
	libntdb.so.1 => /usr/lib64/samba/libntdb.so.1 (0x00007f5883c25000)
	libattr.so.1 => /lib64/libattr.so.1 (0x00007f5883a1f000)
	libresolv.so.2 => /lib64/libresolv.so.2 (0x00007f5883805000)
	libssl3.so => /lib64/libssl3.so (0x00007f58835c3000)
	libsmime3.so => /lib64/libsmime3.so (0x00007f588339b000)
	libnss3.so => /lib64/libnss3.so (0x00007f5883075000)
	libnssutil3.so => /lib64/libnssutil3.so (0x00007f5882e49000)
	libplds4.so => /lib64/libplds4.so (0x00007f5882c44000)
	libplc4.so => /lib64/libplc4.so (0x00007f5882a3f000)
	libnspr4.so => /lib64/libnspr4.so (0x00007f5882801000)
	libfreebl3.so => /lib64/libfreebl3.so (0x00007f58825fd000)
	libelf.so.1 => /lib64/libelf.so.1 (0x00007f58823e7000)
	liblzma.so.5 => /lib64/liblzma.so.5 (0x00007f58821c2000)
	libbz2.so.1 => /lib64/libbz2.so.1 (0x00007f5881fb1000)
	libflag-mapping-samba4.so => /usr/lib64/samba/libflag-mapping-samba4.so (0x00007f5881dae000)
	libndr-krb5pac.so.0 => /lib64/libndr-krb5pac.so.0 (0x00007f5881ba3000)
	libauth-sam-reply-samba4.so => /usr/lib64/samba/libauth-sam-reply-samba4.so (0x00007f588199f000)
	libkrb5support.so.0 => /lib64/libkrb5support.so.0 (0x00007f5881790000)
	libkeyutils.so.1 => /lib64/libkeyutils.so.1 (0x00007f588158b000)
	libselinux.so.1 => /lib64/libselinux.so.1 (0x00007f5881365000)
	libpcre.so.1 => /lib64/libpcre.so.1 (0x00007f5881104000)

$ ldd t4ht
	linux-vdso.so.1 =>  (0x00007ffdb03a7000)
	libkpathsea.so.6 => /lib64/libkpathsea.so.6 (0x00007f56c5de6000)
	libc.so.6 => /lib64/libc.so.6 (0x00007f56c5a25000)
	/lib64/ld-linux-x86-64.so.2 (0x00007f56c6024000)

$ ldd umask
	not a dynamic executable

$ ldd x86_energy_perf_policy
	linux-vdso.so.1 =>  (0x00007ffdf05df000)
	libc.so.6 => /lib64/libc.so.6 (0x00007f2e91b38000)
	/lib64/ld-linux-x86-64.so.2 (0x00007f2e91f1e000)

$ ldd xzless
	not a dynamic executable

6. Sorted list of every dynamic library that is used by investigated commands, omit duplicates

Compile output into file list
Duplicate this lab and remove everything except relevant output from 5.

$ cat list | grep so | sed 's/([^()]*)$//g' | sort -u >> lab.txt
	/lib64/ld-linux-x86-64.so.2 
	libabrt.so.0 => /lib64/libabrt.so.0 
	libacl.so.1 => /lib64/libacl.so.1 
	libaddns-samba4.so => /usr/lib64/samba/libaddns-samba4.so 
	libasn1util-samba4.so => /usr/lib64/samba/libasn1util-samba4.so 
	libattica.so.0.4 => /lib64/libattica.so.0.4 
	libattr.so.1 => /lib64/libattr.so.1 
	libaudit.so.1 => /lib64/libaudit.so.1 
	libaugeas.so.0 => /lib64/libaugeas.so.0 
	libauthkrb5-samba4.so => /usr/lib64/samba/libauthkrb5-samba4.so 
	libauth-sam-reply-samba4.so => /usr/lib64/samba/libauth-sam-reply-samba4.so 
	libavahi-client.so.3 => /lib64/libavahi-client.so.3 
	libavahi-common.so.3 => /lib64/libavahi-common.so.3 
	libbz2.so.1 => /lib64/libbz2.so.1 
	libcap.so.2 => /lib64/libcap.so.2 
	libccan-samba4.so => /usr/lib64/samba/libccan-samba4.so 
	libCHARSET3-samba4.so => /usr/lib64/samba/libCHARSET3-samba4.so 
	libcliauth-samba4.so => /usr/lib64/samba/libcliauth-samba4.so 
	libcli-cldap-samba4.so => /usr/lib64/samba/libcli-cldap-samba4.so 
	libcli-ldap-common-samba4.so => /usr/lib64/samba/libcli-ldap-common-samba4.so 
	libcli-nbt-samba4.so => /usr/lib64/samba/libcli-nbt-samba4.so 
	libcli-smb-common-samba4.so => /usr/lib64/samba/libcli-smb-common-samba4.so 
	libcom_err.so.2 => /lib64/libcom_err.so.2 
	libcrypto.so.10 => /lib64/libcrypto.so.10 
	libcrypt.so.1 => /lib64/libcrypt.so.1 
	libc.so.6 => /lib64/libc.so.6 
	libcups.so.2 => /lib64/libcups.so.2 
	libdb-5.3.so => /lib64/libdb-5.3.so 
	libdbus-1.so.3 => /lib64/libdbus-1.so.3 
	libdbusmenu-qt.so.2 => /lib64/libdbusmenu-qt.so.2 
	libdbwrap-samba4.so => /usr/lib64/samba/libdbwrap-samba4.so 
	libdl.so.2 => /lib64/libdl.so.2 
	libdw.so.1 => /lib64/libdw.so.1 
	libelf.so.1 => /lib64/libelf.so.1 
	liberrors-samba4.so => /usr/lib64/samba/liberrors-samba4.so 
	libexpat.so.1 => /lib64/libexpat.so.1 
	libfam.so.0 => /lib64/libfam.so.0 
	libfa.so.1 => /lib64/libfa.so.1 
	libffi.so.6 => /lib64/libffi.so.6 
	libflag-mapping-samba4.so => /usr/lib64/samba/libflag-mapping-samba4.so 
	libfontconfig.so.1 => /lib64/libfontconfig.so.1 
	libfreebl3.so => /lib64/libfreebl3.so 
	libfreetype.so.6 => /lib64/libfreetype.so.6 
	libgcc_s.so.1 => /lib64/libgcc_s.so.1 
	libgcrypt.so.11 => /lib64/libgcrypt.so.11 
	libgensec.so.0 => /lib64/libgensec.so.0 
	libgio-2.0.so.0 => /lib64/libgio-2.0.so.0 
	libglib-2.0.so.0 => /lib64/libglib-2.0.so.0 
	libgmodule-2.0.so.0 => /lib64/libgmodule-2.0.so.0 
	libgobject-2.0.so.0 => /lib64/libgobject-2.0.so.0 
	libgpg-error.so.0 => /lib64/libgpg-error.so.0 
	libgpm.so.2 => /lib64/libgpm.so.2 
	libgse-samba4.so => /usr/lib64/samba/libgse-samba4.so 
	libgssapi_krb5.so.2 => /lib64/libgssapi_krb5.so.2 
	libgthread-2.0.so.0 => /lib64/libgthread-2.0.so.0 
	libICE.so.6 => /lib64/libICE.so.6 
	libinterfaces-samba4.so => /usr/lib64/samba/libinterfaces-samba4.so 
	libjson-c.so.2 => /lib64/libjson-c.so.2 
	libk5crypto.so.3 => /lib64/libk5crypto.so.3 
	libkdecore.so.5 => /lib64/libkdecore.so.5 
	libkdeui.so.5 => /lib64/libkdeui.so.5 
	libkeyutils.so.1 => /lib64/libkeyutils.so.1 
	libkio.so.5 => /lib64/libkio.so.5 
	libkpathsea.so.6 => /lib64/libkpathsea.so.6 
	libkrb5samba-samba4.so => /usr/lib64/samba/libkrb5samba-samba4.so 
	libkrb5.so.3 => /lib64/libkrb5.so.3 
	libkrb5support.so.0 => /lib64/libkrb5support.so.0 
	liblber-2.4.so.2 => /lib64/liblber-2.4.so.2 
	libldap-2.4.so.2 => /lib64/libldap-2.4.so.2 
	libldbsamba-samba4.so => /usr/lib64/samba/libldbsamba-samba4.so 
	libldb.so.1 => /lib64/libldb.so.1 
	liblibsmb-samba4.so => /usr/lib64/samba/liblibsmb-samba4.so 
	liblua-5.1.so => /lib64/liblua-5.1.so 
	liblzma.so.5 => /lib64/liblzma.so.5 
	libm.so.6 => /lib64/libm.so.6 
	libndr-krb5pac.so.0 => /lib64/libndr-krb5pac.so.0 
	libndr-nbt.so.0 => /lib64/libndr-nbt.so.0 
	libndr-samba-samba4.so => /usr/lib64/samba/libndr-samba-samba4.so 
	libndr.so.0 => /lib64/libndr.so.0 
	libndr-standard.so.0 => /lib64/libndr-standard.so.0 
	libnepomukquery.so.4 => /lib64/libnepomukquery.so.4 
	libnepomuk.so.4 => /lib64/libnepomuk.so.4 
	libnepomukutils.so.4 => /lib64/libnepomukutils.so.4 
	libnsl.so.1 => /lib64/libnsl.so.1 
	libnspr4.so => /lib64/libnspr4.so 
	libnss3.so => /lib64/libnss3.so 
	libnssutil3.so => /lib64/libnssutil3.so 
	libntdb.so.1 => /usr/lib64/samba/libntdb.so.1 
	libpcp.so.3 => /lib64/libpcp.so.3 
	libpcre.so.1 => /lib64/libpcre.so.1 
	libplc4.so => /lib64/libplc4.so 
	libplds4.so => /lib64/libplds4.so 
	libpng15.so.15 => /lib64/libpng15.so.15 
	libpopt.so.0 => /lib64/libpopt.so.0 
	libpthread.so.0 => /lib64/libpthread.so.0 
	libqca.so.2 => /lib64/libqca.so.2 
	libQtCore.so.4 => /lib64/libQtCore.so.4 
	libQtDBus.so.4 => /lib64/libQtDBus.so.4 
	libQtGui.so.4 => /lib64/libQtGui.so.4 
	libQtNetwork.so.4 => /lib64/libQtNetwork.so.4 
	libQtSvg.so.4 => /lib64/libQtSvg.so.4 
	libQtXml.so.4 => /lib64/libQtXml.so.4 
	libreplace-samba4.so => /usr/lib64/samba/libreplace-samba4.so 
	libreport.so.0 => /lib64/libreport.so.0 
	libresolv.so.2 => /lib64/libresolv.so.2 
	librpmio.so.3 => /lib64/librpmio.so.3 
	librpm.so.3 => /lib64/librpm.so.3 
	librt.so.1 => /lib64/librt.so.1 
	libsamba3-util-samba4.so => /usr/lib64/samba/libsamba3-util-samba4.so 
	libsamba-cluster-support-samba4.so => /usr/lib64/samba/libsamba-cluster-support-samba4.so 
	libsamba-credentials.so.0 => /lib64/libsamba-credentials.so.0 
	libsamba-debug-samba4.so => /usr/lib64/samba/libsamba-debug-samba4.so 
	libsamba-hostconfig.so.0 => /lib64/libsamba-hostconfig.so.0 
	libsamba-modules-samba4.so => /usr/lib64/samba/libsamba-modules-samba4.so 
	libsamba-security-samba4.so => /usr/lib64/samba/libsamba-security-samba4.so 
	libsamba-sockets-samba4.so => /usr/lib64/samba/libsamba-sockets-samba4.so 
	libsamba-util.so.0 => /lib64/libsamba-util.so.0 
	libsamdb-common-samba4.so => /usr/lib64/samba/libsamdb-common-samba4.so 
	libsamdb.so.0 => /lib64/libsamdb.so.0 
	libsasl2.so.3 => /lib64/libsasl2.so.3 
	libsatyr.so.3 => /lib64/libsatyr.so.3 
	libsecrets3-samba4.so => /usr/lib64/samba/libsecrets3-samba4.so 
	libselinux.so.1 => /lib64/libselinux.so.1 
	libserver-role-samba4.so => /usr/lib64/samba/libserver-role-samba4.so 
	libsmbconf.so.0 => /lib64/libsmbconf.so.0 
	libsmbd-shim-samba4.so => /usr/lib64/samba/libsmbd-shim-samba4.so 
	libsmbregistry-samba4.so => /usr/lib64/samba/libsmbregistry-samba4.so 
	libsmb-transport-samba4.so => /usr/lib64/samba/libsmb-transport-samba4.so 
	libsmime3.so => /lib64/libsmime3.so 
	libSM.so.6 => /lib64/libSM.so.6 
	libsocket-blocking-samba4.so => /usr/lib64/samba/libsocket-blocking-samba4.so 
	libsolid.so.4 => /lib64/libsolid.so.4 
	libsopranoclient.so.1 => /lib64/libsopranoclient.so.1 
	libsoprano.so.4 => /lib64/libsoprano.so.4 
	libssl3.so => /lib64/libssl3.so 
	libssl.so.10 => /lib64/libssl.so.10 
	libstdc++.so.6 => /lib64/libstdc++.so.6 
	libstreamanalyzer.so.0 => /lib64/libstreamanalyzer.so.0 
	libstreams.so.0 => /lib64/libstreams.so.0 
	libsystemd-daemon.so.0 => /lib64/libsystemd-daemon.so.0 
	libsystemd.so.0 => /lib64/libsystemd.so.0 
	libtalloc.so.2 => /lib64/libtalloc.so.2 
	libtdb.so.1 => /lib64/libtdb.so.1 
	libtdb-wrap-samba4.so => /usr/lib64/samba/libtdb-wrap-samba4.so 
	libtevent.so.0 => /lib64/libtevent.so.0 
	libtevent-util.so.0 => /lib64/libtevent-util.so.0 
	libudev.so.1 => /lib64/libudev.so.1 
	libutil-cmdline-samba4.so => /usr/lib64/samba/libutil-cmdline-samba4.so 
	libutil-ntdb-samba4.so => /usr/lib64/samba/libutil-ntdb-samba4.so 
	libutil-reg-samba4.so => /usr/lib64/samba/libutil-reg-samba4.so 
	libutil-setid-samba4.so => /usr/lib64/samba/libutil-setid-samba4.so 
	libutil-tdb-samba4.so => /usr/lib64/samba/libutil-tdb-samba4.so 
	libuuid.so.1 => /lib64/libuuid.so.1 
	libwbclient.so.0 => /lib64/libwbclient.so.0 
	libwinbind-client-samba4.so => /usr/lib64/samba/libwinbind-client-samba4.so 
	libX11.so.6 => /lib64/libX11.so.6 
	libXau.so.6 => /lib64/libXau.so.6 
	libxcb.so.1 => /lib64/libxcb.so.1 
	libXcursor.so.1 => /lib64/libXcursor.so.1 
	libXext.so.6 => /lib64/libXext.so.6 
	libXfixes.so.3 => /lib64/libXfixes.so.3 
	libXft.so.2 => /lib64/libXft.so.2 
	libXinerama.so.1 => /lib64/libXinerama.so.1 
	libXi.so.6 => /lib64/libXi.so.6 
	libxml2.so.2 => /lib64/libxml2.so.2 
	libXpm.so.4 => /lib64/libXpm.so.4 
	libXrandr.so.2 => /lib64/libXrandr.so.2 
	libXrender.so.1 => /lib64/libXrender.so.1 
	libXtst.so.6 => /lib64/libXtst.so.6 
	libz.so.1 => /lib64/libz.so.1 
	linux-vdso.so.1 =>  
